// Jest Snapshot v1, https://goo.gl/fbAQLP

exports[`Test on <TodoApp /> Should be displayed correctly 1`] = `
<div>
  <h1>
    TodoApp ( 
    0
     ) 
  </h1>
  <hr />
  <div
    className="row"
  >
    <div
      className="col-7"
    >
      <TodoList
        handleDelete={[Function]}
        handleToggle={[Function]}
        todos={Array []}
      />
    </div>
    <div
      className="col-5"
    >
      <AddForm
        handleAddTodo={[Function]}
      />
    </div>
  </div>
</div>
`;
