// Jest Snapshot v1, https://goo.gl/fbAQLP

exports[`Test in <RealExampleRef /> Should be displayed correctly 1`] = `
<div>
  <h1>
    Example Ref
  </h1>
  <hr />
  <button
    className="btn btn-primary mt-3"
    onClick={[Function]}
  >
    Show/Hide
  </button>
</div>
`;
