// Jest Snapshot v1, https://goo.gl/fbAQLP

exports[`Tests in <LoginScreen /> Should be displayed correctly 1`] = `
<div>
  <h1>
    About Screen
  </h1>
  <hr />
  <pre />
  <button
    className="btn btn-warning"
    onClick={[Function]}
  >
    Logout
  </button>
</div>
`;
