// Jest Snapshot v1, https://goo.gl/fbAQLP

exports[`Test on <HomeScreen /> Should be displayed correctly 1`] = `
<div>
  <h1>
    Home Screen
  </h1>
  <hr />
  <pre
    className="container"
  >
    {
   "name": "Julio",
   "email": "contact@julioespadas.com"
}
  </pre>
</div>
`;
